<?xml version="1.0" encoding="utf-8"?><testsuite errors="0" failures="0" name="pytest" skips="0" tests="3" time="0.576"><testcase classname="" file="tests/__init__.py" name="tests.__init__" time="0.5085933208465576"></testcase><testcase classname="" file="tests/test_sample.py" name="tests.test_sample" time="0.003640890121459961"></testcase><testcase classname="tests.test_sample" file="tests/test_sample.py" line="3" name="test_pass" time="0.0005860328674316406"></testcase></testsuite>